{
  "annotations": {
    "title": "Get pull request review threads",
    "readOnlyHint": true
  },
  "description": "Get review threads (discussions) for a specific pull request, including all comments in each thread with their IDs.",
  "inputSchema": {
    "properties": {
      "owner": {
        "description": "Repository owner",
        "type": "string"
      },
      "pullNumber": {
        "description": "Pull request number",
        "type": "number"
      },
      "repo": {
        "description": "Repository name",
        "type": "string"
      },
      "unresolvedOnly": {
        "description": "If true, only return unresolved threads",
        "type": "boolean"
      }
    },
    "required": [
      "owner",
      "repo",
      "pullNumber"
    ],
    "type": "object"
  },
  "name": "get_pull_request_threads"
}